node.exe : - Building...
At line:1 char:1
+ & "C:\Program Files\nodejs/node.exe" 
"C:\Program Files\nodejs/node_mo ...
+ ~~~~~~~~~~~~~~~~~~~~~~~~~~~~~~~~~~~~~~
~~~~~~~~~~~~~~~~~~~~~~~~~~~~~~~
    + CategoryInfo          : NotSpecif 
   ied: (- Building...:String) [], Rem  
  oteException
    + FullyQualifiedErrorId : NativeCom 
   mandError
 

Initial chunk files   | Names                         |  Raw size | Estimated transfer size
chunk-SBIKJNPV.js     | -                             | 433.46 kB |               118.98 kB
chunk-TCTDJZBK.js     | -                             | 258.30 kB |                69.76 kB
chunk-HI23OWUU.js     | -                             | 198.35 kB |                37.71 kB
chunk-XWH4WQBV.js     | -                             | 176.37 kB |                38.72 kB
main-WBYHKWI5.js      | main                          |  55.93 kB |                12.72 kB
chunk-SF2AZ4D4.js     | -                             |  43.62 kB |                 8.70 kB
styles-UO22FL5O.css   | styles                        |  42.74 kB |                 6.61 kB
polyfills-FFHMD2TL.js | polyfills                     |  33.71 kB |                11.02 kB
chunk-IY6FWX6I.js     | -                             |   5.38 kB |                 1.65 kB
chunk-X6YOYRVK.js     | -                             |   1.13 kB |               527 bytes
chunk-UCRSNDPC.js     | -                             |   1.04 kB |               463 bytes

                      | Initial total                 |   1.22 MB |               306.83 kB

Lazy chunk files      | Names                         |  Raw size | Estimated transfer size
chunk-PCRQ2CWY.js     | index-es                      | 155.17 kB |                45.72 kB
chunk-AN5737JO.js     | school-details-component      |  47.34 kB |                 8.75 kB
chunk-NTYDPFW5.js     | school-registration-component |  37.96 kB |                 8.05 kB
chunk-Q2OIBGT5.js     | events-component              |  24.91 kB |                 6.02 kB
chunk-COVN7VER.js     | events-component              |  24.71 kB |                 5.98 kB
chunk-IB4DRVZ4.js     | cadastro-component            |  23.11 kB |                 5.39 kB
chunk-LZJOZVGC.js     | user-management-component     |  22.82 kB |                 5.40 kB
chunk-V45O2H3P.js     | wallet-component              |  22.50 kB |                 5.61 kB
chunk-GWRB7SPN.js     | -                             |  22.38 kB |                 7.61 kB
chunk-WPV2YE2P.js     | wallet-component              |  22.16 kB |                 5.55 kB
chunk-WS7S24Y3.js     | purify-es                     |  21.84 kB |                 7.57 kB
chunk-A5CO5MLR.js     | products-component            |  19.34 kB |                 4.75 kB
chunk-ZD3QMWZC.js     | products-component            |  19.30 kB |                 4.75 kB
chunk-T3CRW4GG.js     | reports-component             |  19.24 kB |                 5.32 kB
chunk-2AHSSQRR.js     | perfil-component              |  12.96 kB |                 3.33 kB
...and 10 more lazy chunks files. Use "--verbose" to show all the files.

Application bundle generation failed. [11.114 seconds]

Γû▓ [WARNING] NG8107: The left side of 
this optional chain operation does not 
include 'null' or 'undefined' in its 
type, therefore the '?.' operator can 
be replaced with the '.' operator. 
[plugin angular-compiler]

    src/app/features/admin/events/events
.component.html:102:73:
      102 Γöé ...>{{ 
ev.lojistas_convidados?.length || 0 }} 
lojista(s) vinculad...
          Γò╡                           
     ~~~~~~

  Error occurs in the template of 
component EventsComponent.

    src/app/features/admin/events/events
.component.ts:30:17:
      30 Γöé     templateUrl: 
'./events.component.html',
         Γò╡                  
~~~~~~~~~~~~~~~~~~~~~~~~~


Γû▓ [WARNING] NG8107: The left side of 
this optional chain operation does not 
include 'null' or 'undefined' in its 
type, therefore the '?.' operator can 
be replaced with the '.' operator. 
[plugin angular-compiler]

    src/app/features/admin/events/events
.component.html:102:73:
      102 Γöé ...>{{ 
ev.lojistas_convidados?.length || 0 }} 
lojista(s) vinculad...
          Γò╡                           
     ~~~~~~

  Error occurs in the template of 
component EscolaEventsComponent.

    src/app/features/escola/events/event
s.component.ts:30:17:
      30 Γöé     templateUrl: '../../adm
in/events/events.component.html',
         Γò╡                  ~~~~~~~~~~
~~~~~~~~~~~~~~~~~~~~~~~~~~~~~~~~


Γû▓ [WARNING] bundle initial exceeded 
maximum budget. Budget 500.00 kB was 
not met by 750.04 kB with a total of 
1.22 MB.


Γû▓ [WARNING] Module 
'core-js/modules/es.promise.js' used by 
'node_modules/canvg/lib/index.es.js' is 
not ESM

  CommonJS or AMD dependencies can 
cause optimization bailouts.
  For more information see: https://angu
lar.io/guide/build#configuring-commonjs-
dependencies


Γû▓ [WARNING] Module 
'core-js/modules/es.string.match.js' 
used by 
'node_modules/canvg/lib/index.es.js' is 
not ESM

  CommonJS or AMD dependencies can 
cause optimization bailouts.
  For more information see: https://angu
lar.io/guide/build#configuring-commonjs-
dependencies


Γû▓ [WARNING] Module 
'core-js/modules/es.string.replace.js' 
used by 
'node_modules/canvg/lib/index.es.js' is 
not ESM

  CommonJS or AMD dependencies can 
cause optimization bailouts.
  For more information see: https://angu
lar.io/guide/build#configuring-commonjs-
dependencies


Γû▓ [WARNING] Module 'core-js/modules/es
.string.starts-with.js' used by 
'node_modules/canvg/lib/index.es.js' is 
not ESM

  CommonJS or AMD dependencies can 
cause optimization bailouts.
  For more information see: https://angu
lar.io/guide/build#configuring-commonjs-
dependencies


Γû▓ [WARNING] Module 
'core-js/modules/es.array.iterator.js' 
used by 
'node_modules/canvg/lib/index.es.js' is 
not ESM

  CommonJS or AMD dependencies can 
cause optimization bailouts.
  For more information see: https://angu
lar.io/guide/build#configuring-commonjs-
dependencies


Γû▓ [WARNING] Module 'core-js/modules/we
b.dom-collections.iterator.js' used by 
'node_modules/canvg/lib/index.es.js' is 
not ESM

  CommonJS or AMD dependencies can 
cause optimization bailouts.
  For more information see: https://angu
lar.io/guide/build#configuring-commonjs-
dependencies


Γû▓ [WARNING] Module 
'core-js/modules/es.array.reduce.js' 
used by 
'node_modules/canvg/lib/index.es.js' is 
not ESM

  CommonJS or AMD dependencies can 
cause optimization bailouts.
  For more information see: https://angu
lar.io/guide/build#configuring-commonjs-
dependencies


Γû▓ [WARNING] Module 'core-js/modules/es
.string.ends-with.js' used by 
'node_modules/canvg/lib/index.es.js' is 
not ESM

  CommonJS or AMD dependencies can 
cause optimization bailouts.
  For more information see: https://angu
lar.io/guide/build#configuring-commonjs-
dependencies


Γû▓ [WARNING] Module 
'core-js/modules/es.string.split.js' 
used by 
'node_modules/canvg/lib/index.es.js' is 
not ESM

  CommonJS or AMD dependencies can 
cause optimization bailouts.
  For more information see: https://angu
lar.io/guide/build#configuring-commonjs-
dependencies


Γû▓ [WARNING] Module 'raf' used by 
'node_modules/canvg/lib/index.es.js' is 
not ESM

  CommonJS or AMD dependencies can 
cause optimization bailouts.
  For more information see: https://angu
lar.io/guide/build#configuring-commonjs-
dependencies


Γû▓ [WARNING] Module 
'core-js/modules/es.string.trim.js' 
used by 
'node_modules/canvg/lib/index.es.js' is 
not ESM

  CommonJS or AMD dependencies can 
cause optimization bailouts.
  For more information see: https://angu
lar.io/guide/build#configuring-commonjs-
dependencies


Γû▓ [WARNING] Module 'rgbcolor' used by 
'node_modules/canvg/lib/index.es.js' is 
not ESM

  CommonJS or AMD dependencies can 
cause optimization bailouts.
  For more information see: https://angu
lar.io/guide/build#configuring-commonjs-
dependencies


Γû▓ [WARNING] Module 
'core-js/modules/es.array.index-of.js' 
used by 
'node_modules/canvg/lib/index.es.js' is 
not ESM

  CommonJS or AMD dependencies can 
cause optimization bailouts.
  For more information see: https://angu
lar.io/guide/build#configuring-commonjs-
dependencies


Γû▓ [WARNING] Module 
'core-js/modules/es.string.includes.js' 
used by 
'node_modules/canvg/lib/index.es.js' is 
not ESM

  CommonJS or AMD dependencies can 
cause optimization bailouts.
  For more information see: https://angu
lar.io/guide/build#configuring-commonjs-
dependencies


Γû▓ [WARNING] Module 
'core-js/modules/es.array.reverse.js' 
used by 
'node_modules/canvg/lib/index.es.js' is 
not ESM

  CommonJS or AMD dependencies can 
cause optimization bailouts.
  For more information see: https://angu
lar.io/guide/build#configuring-commonjs-
dependencies


Γû▓ [WARNING] Module 'core-js/modules/es
.regexp.to-string.js' used by 
'node_modules/canvg/lib/index.es.js' is 
not ESM

  CommonJS or AMD dependencies can 
cause optimization bailouts.
  For more information see: https://angu
lar.io/guide/build#configuring-commonjs-
dependencies


Γû▓ [WARNING] Module 'html2canvas' used 
by 'src/app/core/services/export.service
.ts' is not ESM

  CommonJS or AMD dependencies can 
cause optimization bailouts.
  For more information see: https://angu
lar.io/guide/build#configuring-commonjs-
dependencies


Γû▓ [WARNING] Module 
'papaparse/papaparse.min.js' used by 'no
de_modules/ngx-papaparse/fesm2022/ngx-pa
paparse.mjs' is not ESM

  CommonJS or AMD dependencies can 
cause optimization bailouts.
  For more information see: https://angu
lar.io/guide/build#configuring-commonjs-
dependencies


X [ERROR] bundle initial exceeded 
maximum budget. Budget 1.00 MB was not 
met by 226.04 kB with a total of 1.22 
MB.


