node.exe : - Building...
At line:1 char:1
+ & "C:\Program Files\nodejs/node.exe" "C:\Program 
Files\nodejs/node_mo ...
+ ~~~~~~~~~~~~~~~~~~~~~~~~~~~~~~~~~~~~~~~~~~~~~~~~~~~~~~~
~~~~~~~~~~~~~~
    + CategoryInfo          : NotSpecified: (- Building. 
   ..:String) [], RemoteException
    + FullyQualifiedErrorId : NativeCommandError
 

Application bundle generation failed. [6.419 seconds]

Γû▓ [WARNING] NG8107: The left side of this optional 
chain operation does not include 'null' or 'undefined' 
in its type, therefore the '?.' operator can be replaced 
with the '.' operator. [plugin angular-compiler]

    src/app/features/admin/events/events.component.html:9
4:51:
      94 Γöé ...     {{ ev.lojistas_convidados?.length 
|| 0 }} lojistas convidados
         Γò╡                                    ~~~~~~

  Error occurs in the template of component 
EventsComponent.

    
src/app/features/admin/events/events.component.ts:31:17:
      31 Γöé     templateUrl: './events.component.html',
         Γò╡                  ~~~~~~~~~~~~~~~~~~~~~~~~~


Γû▓ [WARNING] NG8107: The left side of this optional 
chain operation does not include 'null' or 'undefined' 
in its type, therefore the '?.' operator can be replaced 
with the '.' operator. [plugin angular-compiler]

    src/app/features/escola/events/events.component.html:
94:51:
      94 Γöé ...     {{ ev.lojistas_convidados?.length 
|| 0 }} lojistas convidados
         Γò╡                                    ~~~~~~

  Error occurs in the template of component 
EscolaEventsComponent.

    
src/app/features/escola/events/events.component.ts:31:17:
      31 Γöé     templateUrl: './events.component.html',
         Γò╡                  ~~~~~~~~~~~~~~~~~~~~~~~~~


X [ERROR] NG1: Object is possibly 'null'. [plugin 
angular-compiler]

    src/app/features/escola/layout/escola-layout.componen
t.html:101:84:
      101 Γöé ... *ngIf="selectedSchool?.logo_url" 
[src]="selectedSchool.logo_url"
          Γò╡                                            
                ~~~~~~~~

  Error occurs in the template of component 
EscolaLayoutComponent.

    src/app/features/escola/layout/escola-layout.componen
t.ts:36:17:
      36 Γöé     templateUrl: 
'./escola-layout.component.html',
         Γò╡                  
~~~~~~~~~~~~~~~~~~~~~~~~~~~~~~~~


