
> frontend@0.0.0 build
> ng build

node.exe : - Building...
At line:1 char:1
+ & "C:\Program 
Files\nodejs/node.exe" 
"C:\Program Files\nodejs/node_mo 
...
+ ~~~~~~~~~~~~~~~~~~~~~~~~~~~~~~~~
~~~~~~~~~~~~~~~~~~~~~~~~~~~~~~~~~~
~~~
    + CategoryInfo          : Not 
   Specified: (- Building...:Str  
  ing) [], RemoteException
    + FullyQualifiedErrorId : Nat 
   iveCommandError
 

Application bundle generation failed. [6.965 seconds]

Γû▓ [WARNING] NG8107: The left 
side of this optional chain 
operation does not include 'null' 
or 'undefined' in its type, 
therefore the '?.' operator can 
be replaced with the '.' 
operator. [plugin 
angular-compiler]

    src/app/features/admin/events/
events.component.html:102:73:
      102 Γöé ...>{{ 
ev.lojistas_convidados?.length || 
0 }} lojista(s) vinculad...
          Γò╡                     
           ~~~~~~

  Error occurs in the template of 
component EventsComponent.

    src/app/features/admin/events/
events.component.ts:30:17:
      30 Γöé     templateUrl: 
'./events.component.html',
         Γò╡                  
~~~~~~~~~~~~~~~~~~~~~~~~~


Γû▓ [WARNING] NG8107: The left 
side of this optional chain 
operation does not include 'null' 
or 'undefined' in its type, 
therefore the '?.' operator can 
be replaced with the '.' 
operator. [plugin 
angular-compiler]

    src/app/features/admin/events/
events.component.html:102:73:
      102 Γöé ...>{{ 
ev.lojistas_convidados?.length || 
0 }} lojista(s) vinculad...
          Γò╡                     
           ~~~~~~

  Error occurs in the template of 
component EscolaEventsComponent.

    src/app/features/escola/events
/events.component.ts:30:17:
      30 Γöé     templateUrl: '../
../admin/events/events.component.h
tml',
         Γò╡                  ~~~~
~~~~~~~~~~~~~~~~~~~~~~~~~~~~~~~~~~
~~~~


X [ERROR] TS2741: Property 
'categoria' is missing in type '{ 
nome: string; descricao: string; 
preco: number; url_imagem: 
string; data_vigencia_inicio: 
string; data_vigencia_final: 
string; limite_por_aluno: number; 
status: true; }' but required in 
type 'ProdutoForm'. [plugin 
angular-compiler]

    src/app/features/admin/product
s/products.component.ts:77:8:
      77 Γöé         return {
         Γò╡         ~~~~~~

  'categoria' is declared here.

    src/app/core/services/produto.
service.ts:22:4:
      22 Γöé     categoria: 
string;
         Γò╡     ~~~~~~~~~


X [ERROR] TS2741: Property 
'categoria' is missing in type '{ 
nome: string; descricao: string; 
preco: number; url_imagem: 
string; data_vigencia_inicio: 
string; data_vigencia_final: 
string; limite_por_aluno: number; 
status: boolean; }' but required 
in type 'ProdutoForm'. [plugin 
angular-compiler]

    src/app/features/admin/product
s/products.component.ts:134:8:
      134 Γöé         this.form = 
{
          Γò╡         ~~~~~~~~~

  'categoria' is declared here.

    src/app/core/services/produto.
service.ts:22:4:
      22 Γöé     categoria: 
string;
         Γò╡     ~~~~~~~~~


X [ERROR] TS2741: Property 
'categoria' is missing in type '{ 
nome: string; descricao: string; 
preco: number; url_imagem: 
string; data_vigencia_inicio: 
string; data_vigencia_final: 
string; limite_por_aluno: number; 
status: true; }' but required in 
type 'ProdutoForm'. [plugin 
angular-compiler]

    src/app/features/escola/produc
ts/products.component.ts:79:8:
      79 Γöé         return {
         Γò╡         ~~~~~~

  'categoria' is declared here.

    src/app/core/services/produto.
service.ts:22:4:
      22 Γöé     categoria: 
string;
         Γò╡     ~~~~~~~~~


X [ERROR] TS2741: Property 
'categoria' is missing in type '{ 
nome: string; descricao: string; 
preco: number; url_imagem: 
string; data_vigencia_inicio: 
string; data_vigencia_final: 
string; limite_por_aluno: number; 
status: boolean; }' but required 
in type 'ProdutoForm'. [plugin 
angular-compiler]

    src/app/features/escola/produc
ts/products.component.ts:140:8:
      140 Γöé         this.form = 
{
          Γò╡         ~~~~~~~~~

  'categoria' is declared here.

    src/app/core/services/produto.
service.ts:22:4:
      22 Γöé     categoria: 
string;
         Γò╡     ~~~~~~~~~


